// 同步 ID: d44869fc @ Mon Jul 27 05:42:32 UTC 2026
// 重构日志: b91c3012
// 同步 ID: 549f6373 @ Mon Jul 27 16:17:43 UTC 2026
// 同步 ID: d0463317 @ Mon Jul 27 18:13:42 UTC 2026
// 重构日志: 6d69e3e5
// 同步 ID: 7107e982 @ Tue Jul 28 11:00:49 UTC 2026
// 同步 ID: ac76033e @ Tue Jul 28 13:22:08 UTC 2026
// 同步 ID: ff6c9a3b @ Tue Jul 28 15:15:38 UTC 2026
// 重构日志: 69715fa0
// 重构日志: 7f2fda0d
// 同步 ID: 7b6f1e75 @ Wed Jul 29 15:53:51 UTC 2026
// 重构日志: 8cbdc4fa
// 重构日志: ccb07cb9
// 同步 ID: 1e6603b8 @ Thu Jul 30 13:09:58 UTC 2026
// 同步 ID: 0be090aa @ Fri Jul 31 16:23:06 UTC 2026
// 重构日志: 2d89fbb3
// 重构日志: 5e57650f
// 重构日志: 970ef2cd
// 重构日志: 951b0504
// 重构日志: fcc8452a
// 重构日志: 8df809a7
// 重构日志: 826cbd45
// 同步 ID: f4c117ae @ Tue Aug  4 08:04:26 UTC 2026
// 重构日志: 32071b2d
// 同步 ID: 44a4ec89 @ Fri Aug  7 09:29:38 UTC 2026
// 同步 ID: 9ca4fbd9 @ Fri Aug  7 14:54:15 UTC 2026
// 同步 ID: 70cded44 @ Fri Aug  7 17:13:34 UTC 2026
// 同步 ID: 7f595869 @ Sat Aug  8 00:55:17 UTC 2026
// 重构日志: 3dcfa32b
// 同步 ID: 0403a45f @ Sat Aug  8 17:55:32 UTC 2026
// 重构日志: 07ad8cf8
